
Memory Configuration

Name             Origin             Length             Attributes
flash            0x08000000         0x00020000         xr
sram             0x20000000         0x00005000         xrw
*default*        0x00000000         0xffffffff

Linker script and memory map


.text           0x08000000      0x158
 *(.vectors*)
 .vectors       0x08000000       0x50 startup.o
                0x08000000                vectors
 *(.text*)
 .text          0x08000050       0x74 main.o
                0x08000050                main
 .text          0x080000c4       0x94 startup.o
                0x080000c4                _reset
                0x08000150                WWDG_handler
                0x08000150                SVCall_handler
                0x08000150                SysTick_handler
                0x08000150                MemManage_handler
                0x08000150                PVD_handler
                0x08000150                Defualt_handler
                0x08000150                ECTI0_handler
                0x08000150                HardFault_handler
                0x08000150                RCC_handler
                0x08000150                FLASH_handler
                0x08000150                ECTI2_handler
                0x08000150                ECTI1_handler
                0x08000150                NMI_handler
                0x08000150                PendSV_handler
                0x08000150                TAMPER_handler
                0x08000150                DebugMointor_handler
                0x08000150                BusFault_handler
                0x08000158                . = ALIGN (0x4)
                0x08000158                _END_TEXT = .

.glue_7         0x08000158        0x0
 .glue_7        0x00000000        0x0 linker stubs

.glue_7t        0x08000158        0x0
 .glue_7t       0x00000000        0x0 linker stubs

.vfp11_veneer   0x08000158        0x0
 .vfp11_veneer  0x00000000        0x0 linker stubs

.v4_bx          0x08000158        0x0
 .v4_bx         0x00000000        0x0 linker stubs

.iplt           0x08000158        0x0
 .iplt          0x00000000        0x0 main.o

.rel.dyn        0x08000158        0x0
 .rel.iplt      0x00000000        0x0 main.o

.data           0x20000000        0x4 load address 0x08000158
                0x20000000                _START_DATA = .
 *(.data)
 .data          0x20000000        0x4 main.o
                0x20000000                PortA
 .data          0x20000004        0x0 startup.o
                0x20000004                . = ALIGN (0x4)
                0x20000004                _END_DATA = .

.igot.plt       0x20000004        0x0 load address 0x0800015c
 .igot.plt      0x00000000        0x0 main.o

.bss            0x20000004        0xc load address 0x0800015c
                0x20000004                _START_BSS = .
 *(.bss)
 .bss           0x20000004        0xc main.o
 .bss           0x20000010        0x0 startup.o
                0x20000010                . = ALIGN (0x4)
                0x20000010                _END_BSS = .
                0x20001010                _STACK_TOP = (. + 0x1000)
LOAD main.o
LOAD startup.o
OUTPUT(Ehab_Lab2.elf elf32-littlearm)

.debug_info     0x00000000      0x2e3
 .debug_info    0x00000000      0x148 main.o
 .debug_info    0x00000148      0x19b startup.o

.debug_abbrev   0x00000000      0x1bf
 .debug_abbrev  0x00000000       0xe0 main.o
 .debug_abbrev  0x000000e0       0xdf startup.o

.debug_loc      0x00000000       0x9c
 .debug_loc     0x00000000       0x38 main.o
 .debug_loc     0x00000038       0x64 startup.o

.debug_aranges  0x00000000       0x40
 .debug_aranges
                0x00000000       0x20 main.o
 .debug_aranges
                0x00000020       0x20 startup.o

.debug_line     0x00000000       0xff
 .debug_line    0x00000000       0x69 main.o
 .debug_line    0x00000069       0x96 startup.o

.debug_str      0x00000000      0x1d4
 .debug_str     0x00000000      0x142 main.o
                                0x176 (size before relaxing)
 .debug_str     0x00000142       0x92 startup.o
                                0x1cc (size before relaxing)

.comment        0x00000000       0x7b
 .comment       0x00000000       0x7b main.o
                                 0x7c (size before relaxing)
 .comment       0x00000000       0x7c startup.o

.ARM.attributes
                0x00000000       0x33
 .ARM.attributes
                0x00000000       0x33 main.o
 .ARM.attributes
                0x00000033       0x33 startup.o

.debug_frame    0x00000000       0x74
 .debug_frame   0x00000000       0x2c main.o
 .debug_frame   0x0000002c       0x48 startup.o
