
Memory Configuration

Name             Origin             Length             Attributes
flash            0x08000000         0x00020000         xr
sram             0x20000000         0x00005000         xrw
*default*        0x00000000         0xffffffff

Linker script and memory map


.text           0x08000000       0xce
 *(.vectors*)
 .vectors       0x08000000       0x50 startup.o
 *(.text*)
 .text          0x08000050       0x74 main.o
                0x08000050                main
 .text          0x080000c4        0xa startup.o

.glue_7         0x080000d0        0x0
 .glue_7        0x00000000        0x0 linker stubs

.glue_7t        0x080000d0        0x0
 .glue_7t       0x00000000        0x0 linker stubs

.vfp11_veneer   0x080000d0        0x0
 .vfp11_veneer  0x00000000        0x0 linker stubs

.v4_bx          0x080000d0        0x0
 .v4_bx         0x00000000        0x0 linker stubs

.iplt           0x080000d0        0x0
 .iplt          0x00000000        0x0 main.o

.igot.plt       0x080000d0        0x0
 .igot.plt      0x00000000        0x0 main.o

.rel.dyn        0x080000d0        0x0
 .rel.iplt      0x00000000        0x0 main.o

.bss            0x20000000        0x4
 *(.data)
 .data          0x20000000        0x4 main.o
                0x20000000                PortA
 .data          0x20000004        0x0 startup.o
 *(.bss)
 .bss           0x20000004        0x0 main.o
 .bss           0x20000004        0x0 startup.o
LOAD main.o
LOAD startup.o
OUTPUT(Ehab_Lab2.elf elf32-littlearm)

.debug_info     0x00000000      0x184
 .debug_info    0x00000000      0x11b main.o
 .debug_info    0x0000011b       0x69 startup.o

.debug_abbrev   0x00000000       0xd3
 .debug_abbrev  0x00000000       0xbf main.o
 .debug_abbrev  0x000000bf       0x14 startup.o

.debug_loc      0x00000000       0x38
 .debug_loc     0x00000000       0x38 main.o

.debug_aranges  0x00000000       0x40
 .debug_aranges
                0x00000000       0x20 main.o
 .debug_aranges
                0x00000020       0x20 startup.o

.debug_line     0x00000000       0xa4
 .debug_line    0x00000000       0x69 main.o
 .debug_line    0x00000069       0x3b startup.o

.debug_str      0x00000000      0x13a
 .debug_str     0x00000000      0x13a main.o
                                0x161 (size before relaxing)

.comment        0x00000000       0x7b
 .comment       0x00000000       0x7b main.o
                                 0x7c (size before relaxing)

.ARM.attributes
                0x00000000       0x31
 .ARM.attributes
                0x00000000       0x33 main.o
 .ARM.attributes
                0x00000033       0x21 startup.o

.debug_frame    0x00000000       0x2c
 .debug_frame   0x00000000       0x2c main.o
