
Memory Configuration

Name             Origin             Length             Attributes
flash            0x0000000000000000 0x0000000000020000 xr
sram             0x0000000020000000 0x0000000000005000 xrw
*default*        0x0000000000000000 0xffffffffffffffff

Linker script and memory map


.text           0x0000000000000000      0x17c
 *(.vectors*)
 .vectors       0x0000000000000000       0x50 startup.o
                0x0000000000000000                Ptr_To_Fun_Vectors
 *(.text*)
 .text          0x0000000000000050       0x98 main.o
                0x0000000000000050                main
 .text          0x00000000000000e8       0x94 startup.o
                0x00000000000000e8                _reset
                0x0000000000000174                WWDG_handler
                0x0000000000000174                SVCall_handler
                0x0000000000000174                SysTick_handler
                0x0000000000000174                MemManage_handler
                0x0000000000000174                PVD_handler
                0x0000000000000174                Defualt_handler
                0x0000000000000174                ECTI0_handler
                0x0000000000000174                HardFault_handler
                0x0000000000000174                RCC_handler
                0x0000000000000174                FLASH_handler
                0x0000000000000174                ECTI2_handler
                0x0000000000000174                ECTI1_handler
                0x0000000000000174                NMI_handler
                0x0000000000000174                PendSV_handler
                0x0000000000000174                TAMPER_handler
                0x0000000000000174                DebugMointor_handler
                0x0000000000000174                BusFault_handler
                0x000000000000017c                . = ALIGN (0x4)
                0x000000000000017c                _END_TEXT = .

.glue_7         0x000000000000017c        0x0
 .glue_7        0x000000000000017c        0x0 linker stubs

.glue_7t        0x000000000000017c        0x0
 .glue_7t       0x000000000000017c        0x0 linker stubs

.vfp11_veneer   0x000000000000017c        0x0
 .vfp11_veneer  0x000000000000017c        0x0 linker stubs

.v4_bx          0x000000000000017c        0x0
 .v4_bx         0x000000000000017c        0x0 linker stubs

.iplt           0x000000000000017c        0x0
 .iplt          0x000000000000017c        0x0 main.o

.rel.dyn        0x000000000000017c        0x0
 .rel.iplt      0x000000000000017c        0x0 main.o

.data           0x0000000020000000        0xc load address 0x000000000000017c
                0x0000000020000000                _START_DATA = .
 *(.data)
 .data          0x0000000020000000        0xc main.o
                0x0000000020000000                GPIO_PORTF_DIR_REG
                0x0000000020000004                GPIO_PORTF_DEN_REG
                0x0000000020000008                GPIO_PORTF_DATA_REG
 .data          0x000000002000000c        0x0 startup.o
                0x000000002000000c                . = ALIGN (0x4)
                0x000000002000000c                _END_DATA = .

.igot.plt       0x000000002000000c        0x0 load address 0x0000000000000188
 .igot.plt      0x000000002000000c        0x0 main.o

.bss            0x000000002000000c      0x400 load address 0x0000000000000188
                0x000000002000000c                _START_BSS = .
 *(.bss)
 .bss           0x000000002000000c        0x0 main.o
 .bss           0x000000002000000c      0x400 startup.o
                0x000000002000040c                . = ALIGN (0x4)
                0x000000002000040c                _END_BSS = .
LOAD main.o
LOAD startup.o
OUTPUT(Lab3.elf elf32-littlearm)

.debug_info     0x0000000000000000      0x35e
 .debug_info    0x0000000000000000      0x1ac main.o
 .debug_info    0x00000000000001ac      0x1b2 startup.o

.debug_abbrev   0x0000000000000000      0x1a3
 .debug_abbrev  0x0000000000000000       0xbf main.o
 .debug_abbrev  0x00000000000000bf       0xe4 startup.o

.debug_loc      0x0000000000000000       0x9c
 .debug_loc     0x0000000000000000       0x38 main.o
 .debug_loc     0x0000000000000038       0x64 startup.o

.debug_aranges  0x0000000000000000       0x40
 .debug_aranges
                0x0000000000000000       0x20 main.o
 .debug_aranges
                0x0000000000000020       0x20 startup.o

.debug_line     0x0000000000000000      0x10e
 .debug_line    0x0000000000000000       0x78 main.o
 .debug_line    0x0000000000000078       0x96 startup.o

.debug_str      0x0000000000000000      0x233
 .debug_str     0x0000000000000000      0x197 main.o
                                        0x1be (size before relaxing)
 .debug_str     0x0000000000000197       0x9c startup.o
                                        0x1da (size before relaxing)

.comment        0x0000000000000000       0x7b
 .comment       0x0000000000000000       0x7b main.o
                                         0x7c (size before relaxing)
 .comment       0x000000000000007b       0x7c startup.o

.ARM.attributes
                0x0000000000000000       0x33
 .ARM.attributes
                0x0000000000000000       0x33 main.o
 .ARM.attributes
                0x0000000000000033       0x33 startup.o

.debug_frame    0x0000000000000000       0x74
 .debug_frame   0x0000000000000000       0x2c main.o
 .debug_frame   0x000000000000002c       0x48 startup.o
